[WebServer] (node:21213) Warning: The 'NO_COLOR' env is ignored due to the 'FORCE_COLOR' env being set.
[WebServer] (Use `node --trace-warnings ...` to show where the warning was created)

Running 121 tests using 1 worker

(node:21227) Warning: The 'NO_COLOR' env is ignored due to the 'FORCE_COLOR' env being set.
(Use `node --trace-warnings ...` to show where the warning was created)
[WebServer] ----------------------------------------
[WebServer] Exception occurred during processing of request from ('127.0.0.1', 60493)
  ✓    1 [host] › tests/e2e/authoring.spec.ts:62:1 › blank authoring saves a real-asset branching work and preserves it through file roundtrip (5.9s)
[WebServer] Traceback (most recent call last):
[WebServer]   File "/Library/Developer/CommandLineTools/Library/Frameworks/Python3.framework/Versions/3.9/lib/python3.9/socketserver.py", line 683, in process_request_thread
[WebServer]     self.finish_request(request, client_address)
[WebServer]   File "/Library/Developer/CommandLineTools/Library/Frameworks/Python3.framework/Versions/3.9/lib/python3.9/socketserver.py", line 360, in finish_request
[WebServer]     self.RequestHandlerClass(request, client_address, self)
[WebServer]   File "/Library/Developer/CommandLineTools/Library/Frameworks/Python3.framework/Versions/3.9/lib/python3.9/http/server.py", line 660, in __init__
[WebServer]     super().__init__(*args, **kwargs)
[WebServer]   File "/Library/Developer/CommandLineTools/Library/Frameworks/Python3.framework/Versions/3.9/lib/python3.9/socketserver.py", line 747, in __init__
[WebServer]     self.handle()
[WebServer]   File "/Library/Developer/CommandLineTools/Library/Frameworks/Python3.framework/Versions/3.9/lib/python3.9/http/server.py", line 434, in handle
[WebServer]     self.handle_one_request()
[WebServer]   File "/Library/Developer/CommandLineTools/Library/Frameworks/Python3.framework/Versions/3.9/lib/python3.9/http/server.py", line 422, in handle_one_request
[WebServer]     method()
[WebServer]   File "/Library/Developer/CommandLineTools/Library/Frameworks/Python3.framework/Versions/3.9/lib/python3.9/http/server.py", line 667, in do_GET
[WebServer]     self.copyfile(f, self.wfile)
[WebServer]   File "/Library/Developer/CommandLineTools/Library/Frameworks/Python3.framework/Versions/3.9/lib/python3.9/http/server.py", line 867, in copyfile
[WebServer]     shutil.copyfileobj(source, outputfile)
[WebServer]   File "/Library/Developer/CommandLineTools/Library/Frameworks/Python3.framework/Versions/3.9/lib/python3.9/shutil.py", line 208, in copyfileobj
[WebServer]     fdst_write(buf)
[WebServer]   File "/Library/Developer/CommandLineTools/Library/Frameworks/Python3.framework/Versions/3.9/lib/python3.9/socketserver.py", line 826, in write
[WebServer]     self._sock.sendall(b)
[WebServer] BrokenPipeError: [Errno 32] Broken pipe
[WebServer] ----------------------------------------
  -    2 [host] › tests/e2e/authoring.spec.ts:95:1 › newly authored branching work renders real assets and both native Ren’Py choices reach endings
  ✓    3 [host] › tests/e2e/authoring.spec.ts:137:1 › blank creation preserves existing work and structural editing retains choice identities (9.7s)
[WebServer] ----------------------------------------
[WebServer] Exception occurred during processing of request from ('127.0.0.1', 60563)
[WebServer] ----------------------------------------
[WebServer] Exception occurred during processing of request from ('127.0.0.1', 60564)
[WebServer] Traceback (most recent call last):
[WebServer]   File "/Library/Developer/CommandLineTools/Library/Frameworks/Python3.framework/Versions/3.9/lib/python3.9/socketserver.py", line 683, in process_request_thread
[WebServer]     self.finish_request(request, client_address)
[WebServer]   File "/Library/Developer/CommandLineTools/Library/Frameworks/Python3.framework/Versions/3.9/lib/python3.9/socketserver.py", line 360, in finish_request
[WebServer]     self.RequestHandlerClass(request, client_address, self)
[WebServer]   File "/Library/Developer/CommandLineTools/Library/Frameworks/Python3.framework/Versions/3.9/lib/python3.9/http/server.py", line 660, in __init__
[WebServer]     super().__init__(*args, **kwargs)
[WebServer]   File "/Library/Developer/CommandLineTools/Library/Frameworks/Python3.framework/Versions/3.9/lib/python3.9/socketserver.py", line 747, in __init__
[WebServer]     self.handle()
[WebServer]   File "/Library/Developer/CommandLineTools/Library/Frameworks/Python3.framework/Versions/3.9/lib/python3.9/http/server.py", line 434, in handle
[WebServer]     self.handle_one_request()
[WebServer]   File "/Library/Developer/CommandLineTools/Library/Frameworks/Python3.framework/Versions/3.9/lib/python3.9/http/server.py", line 422, in handle_one_request
[WebServer]     method()
[WebServer] Traceback (most recent call last):
[WebServer]   File "/Library/Developer/CommandLineTools/Library/Frameworks/Python3.framework/Versions/3.9/lib/python3.9/http/server.py", line 667, in do_GET
[WebServer]     self.copyfile(f, self.wfile)
[WebServer]   File "/Library/Developer/CommandLineTools/Library/Frameworks/Python3.framework/Versions/3.9/lib/python3.9/http/server.py", line 867, in copyfile
[WebServer]     shutil.copyfileobj(source, outputfile)
[WebServer]   File "/Library/Developer/CommandLineTools/Library/Frameworks/Python3.framework/Versions/3.9/lib/python3.9/shutil.py", line 208, in copyfileobj
[WebServer]     fdst_write(buf)
[WebServer]   File "/Library/Developer/CommandLineTools/Library/Frameworks/Python3.framework/Versions/3.9/lib/python3.9/socketserver.py", line 826, in write
[WebServer]     self._sock.sendall(b)
[WebServer]   File "/Library/Developer/CommandLineTools/Library/Frameworks/Python3.framework/Versions/3.9/lib/python3.9/socketserver.py", line 683, in process_request_thread
[WebServer]     self.finish_request(request, client_address)
[WebServer] BrokenPipeError: [Errno 32] Broken pipe
[WebServer]   File "/Library/Developer/CommandLineTools/Library/Frameworks/Python3.framework/Versions/3.9/lib/python3.9/socketserver.py", line 360, in finish_request
[WebServer]     self.RequestHandlerClass(request, client_address, self)
[WebServer]   File "/Library/Developer/CommandLineTools/Library/Frameworks/Python3.framework/Versions/3.9/lib/python3.9/http/server.py", line 660, in __init__
[WebServer]     super().__init__(*args, **kwargs)
[WebServer]   File "/Library/Developer/CommandLineTools/Library/Frameworks/Python3.framework/Versions/3.9/lib/python3.9/socketserver.py", line 747, in __init__
[WebServer]     self.handle()
[WebServer]   File "/Library/Developer/CommandLineTools/Library/Frameworks/Python3.framework/Versions/3.9/lib/python3.9/http/server.py", line 434, in handle
[WebServer]     self.handle_one_request()
[WebServer]   File "/Library/Developer/CommandLineTools/Library/Frameworks/Python3.framework/Versions/3.9/lib/python3.9/http/server.py", line 422, in handle_one_request
[WebServer]     method()
[WebServer]   File "/Library/Developer/CommandLineTools/Library/Frameworks/Python3.framework/Versions/3.9/lib/python3.9/http/server.py", line 667, in do_GET
[WebServer]     self.copyfile(f, self.wfile)
[WebServer]   File "/Library/Developer/CommandLineTools/Library/Frameworks/Python3.framework/Versions/3.9/lib/python3.9/http/server.py", line 867, in copyfile
[WebServer]     shutil.copyfileobj(source, outputfile)
[WebServer]   File "/Library/Developer/CommandLineTools/Library/Frameworks/Python3.framework/Versions/3.9/lib/python3.9/shutil.py", line 208, in copyfileobj
[WebServer]     fdst_write(buf)
[WebServer]   File "/Library/Developer/CommandLineTools/Library/Frameworks/Python3.framework/Versions/3.9/lib/python3.9/socketserver.py", line 826, in write
[WebServer]     self._sock.sendall(b)
[WebServer] BrokenPipeError: [Errno 32] Broken pipe
[WebServer] ----------------------------------------
[WebServer] ----------------------------------------
  ✓    4 [host] › tests/e2e/authoring.spec.ts:185:1 › explicit save retries a failed device write while preserving the draft (4.5s)
  ✓    5 [host] › tests/e2e/authoring.spec.ts:208:1 › corrupt stored workspace remains untouched while switching and importing file-only drafts (3.1s)
  ✓    6 [host] › tests/e2e/chapter-branch-identity.spec.ts:6:1 › chapter identity and extended branch cuts survive editor, file export and reload (3.6s)
  ✓    7 [host] › tests/e2e/composition-intent.spec.ts:108:1 › composition authoring separates body scale, center, original facing and actor exits through files (8.2s)
  -    8 [host] › tests/e2e/composition-intent.spec.ts:135:1 › actual Ren’Py preserves authored bodies, front center and empty POV across back and viewport changes
  ✓    9 [host] › tests/e2e/existing-story-enhancement.spec.ts:5:1 › existing originals are directly readable beside KnolStory works (985ms)
  ✓   10 [host] › tests/e2e/flow-authoring.spec.ts:77:1 › flow overview navigates nested branches and diagnoses pending and unreachable cuts without losing authored content (7.7s)
  -   11 [host] › tests/e2e/flow-authoring.spec.ts:150:1 › native Ren’Py follows all six nested and merged routes to two independent endings with a persistent renderer
  ✓   12 [host] › tests/e2e/flow-authoring.spec.ts:185:1 › large inherited work can find and edit a cut beyond the initial chapter page (2.0s)
  ✓   13 [host] › tests/e2e/four-work-library.spec.ts:4:1 › the default library groups eight manuscripts into four independent work choices (1.9s)
  ✓   14 [host] › tests/e2e/four-work-library.spec.ts:22:75 › 별주부전 원작: chosen manuscript opens and returns to its grouped book (1.2s)
  ✓   15 [host] › tests/e2e/four-work-library.spec.ts:22:75 › 별주부전 놀스토리: chosen manuscript opens and returns to its grouped book (1.4s)
  ✓   16 [host] › tests/e2e/four-work-library.spec.ts:22:75 › 옹고집전 원작: chosen manuscript opens and returns to its grouped book (1.3s)
  ✓   17 [host] › tests/e2e/four-work-library.spec.ts:22:75 › 옹고집전 놀스토리: chosen manuscript opens and returns to its grouped book (1.3s)
  ✓   18 [host] › tests/e2e/four-work-library.spec.ts:22:75 › 선녀와 나무꾼 원작: chosen manuscript opens and returns to its grouped book (1.3s)
  ✓   19 [host] › tests/e2e/four-work-library.spec.ts:22:75 › 선녀와 나무꾼 놀스토리: chosen manuscript opens and returns to its grouped book (1.5s)
  ✓   20 [host] › tests/e2e/four-work-library.spec.ts:22:75 › 흥부와 놀부 원작: chosen manuscript opens and returns to its grouped book (1.3s)
  ✓   21 [host] › tests/e2e/four-work-library.spec.ts:22:75 › 흥부와 놀부 놀스토리: chosen manuscript opens and returns to its grouped book (1.3s)
  ✓   22 [host] › tests/e2e/four-work-library.spec.ts:34:1 › all four shelf choices open their actual ShortStory and return to the same library (11.1s)
  -   23 [host] › tests/e2e/four-work-runtime.spec.ts:7:1 › four books retain eight independent native reading paths and manual save slots across reload
  -   24 [host] › tests/e2e/four-work-runtime.spec.ts:26:1 › reading an original then editing the current cut creates a preserved personal copy
  ✓   25 [host] › tests/e2e/four-work-runtime.spec.ts:34:1 › personal book deletion needs confirmation and survives reload in recoverable storage (5.7s)
  ✓   26 [host] › tests/e2e/four-work-shortstory.spec.ts:8:25 › actual rabbit picture book read, isolated position and complete A4 print (1.7s)
  ✓   27 [host] › tests/e2e/four-work-shortstory.spec.ts:8:25 › actual onggojib picture book read, isolated position and complete A4 print (1.7s)
  ✓   28 [host] › tests/e2e/four-work-shortstory.spec.ts:8:25 › actual seonnyeo picture book read, isolated position and complete A4 print (2.0s)
  ✓   29 [host] › tests/e2e/four-work-shortstory.spec.ts:8:25 › actual heungbu picture book read, isolated position and complete A4 print (1.8s)
  ✓   30 [host] › tests/e2e/four-work-shortstory.spec.ts:29:1 › original copy, three-face cover, multiple books, page operations, reload and independent file import (2.3s)
  ✓   31 [host] › tests/e2e/four-work-shortstory.spec.ts:51:1 › old single workspace backs up, immediate new/import preserve it, unsupported v2 rejects and storage failure blocks switching (427ms)
  ✓   32 [host] › tests/e2e/four-work-shortstory.spec.ts:62:1 › delayed Google picture book import retains books created and edited while waiting (597ms)
  ✓   33 [host] › tests/e2e/four-work-shortstory.spec.ts:74:1 › failed picture book deletion preserves its editable draft for save retry and reload (526ms)
  ✓   34 [host] › tests/e2e/four-work-shortstory.spec.ts:83:25 › rabbit personal picture book copy preserves its original and travels to a fresh browser (1.1s)
  ✓   35 [host] › tests/e2e/four-work-shortstory.spec.ts:83:25 › onggojib personal picture book copy preserves its original and travels to a fresh browser (1.1s)
  ✓   36 [host] › tests/e2e/four-work-shortstory.spec.ts:83:25 › seonnyeo personal picture book copy preserves its original and travels to a fresh browser (1.1s)
  ✓   37 [host] › tests/e2e/four-work-shortstory.spec.ts:83:25 › heungbu personal picture book copy preserves its original and travels to a fresh browser (1.1s)
  ✓   38 [host] › tests/e2e/legacy-authoring-workspace.spec.ts:51:32 › legacy authoring integrates manuscript, speakers, assets and safe cut operations at 1280px (14.8s)
  ✓   39 [host] › tests/e2e/legacy-authoring-workspace.spec.ts:51:32 › legacy authoring integrates manuscript, speakers, assets and safe cut operations at 390px (12.8s)
  -   40 [host] › tests/e2e/legacy-authoring-workspace.spec.ts:60:1 › new manuscript story survives files and reaches both endings in native RenPy
  ✓   41 [host] › tests/e2e/legacy-authoring-workspace.spec.ts:67:31 › thumbnail facets, target comparison and cancel preserve authored work at 1280px (5.1s)
  ✓   42 [host] › tests/e2e/legacy-authoring-workspace.spec.ts:67:31 › thumbnail facets, target comparison and cancel preserve authored work at 390px (5.5s)
  ✓   43 [host] › tests/e2e/library-design-parity.spec.ts:8:83 › legacy book surfaces and focus browsing at 1365x900 (2.7s)
  ✓   44 [host] › tests/e2e/library-design-parity.spec.ts:8:83 › legacy book surfaces and focus browsing at 820x1180 (2.7s)
  ✓   45 [host] › tests/e2e/library-design-parity.spec.ts:8:83 › legacy book surfaces and focus browsing at 390x844 (2.1s)
  ✓   46 [host] › tests/e2e/library-design-parity.spec.ts:8:83 › legacy book surfaces and focus browsing at 844x390 (2.2s)
  ✓   47 [host] › tests/e2e/library-design-parity.spec.ts:8:83 › legacy book surfaces and focus browsing at 320x740 (2.1s)
  ✓   48 [host] › tests/e2e/library-design-parity.spec.ts:18:1 › cover canvas supports keyboard, drag cancellation and one-operation undo without applying a draft (1.5s)
  ✓   49 [host] › tests/e2e/library-design-parity.spec.ts:27:1 › imported shelf pages retain all existing-book copies and filter back to the first matching book (2.6s)
  ✓   50 [host] › tests/e2e/library-design-parity.spec.ts:40:1 › layered front, spine and back covers keep direct edits in the draft until apply (2.0s)
  -   51 [host] › tests/e2e/library-design-parity.spec.ts:49:1 › all eight books start native RenPy from the library focus and retain the same runtime
  ✓   52 [host] › tests/e2e/library-design-parity.spec.ts:61:1 › one pointer drag can undo, redo and apply while preserving the existing manuscript (3.4s)
  ✓   53 [host] › tests/e2e/library-design-parity.spec.ts:67:1 › tab browsing preferences survive book work and reload without entering the story file (3.5s)
  ✓   54 [host] › tests/e2e/library-design-parity.spec.ts:72:1 › modal keyboard boundaries include collapsed settings and nested image selection (2.4s)
  ✓   55 [host] › tests/e2e/library-design-parity.spec.ts:76:1 › cover title size changes the rendered typography without covering the whole artwork panel (1.4s)
  ✓   56 [host] › tests/e2e/library-design-parity.spec.ts:80:1 › books physically rest on shelf faces and room decoration frames the focused shelves (2.3s)
  ✓   57 [host] › tests/e2e/library-design-parity.spec.ts:92:1 › cabinet preserves shelf capacity and compacts occupied rows around four books (1.5s)
  ✓   58 [host] › tests/e2e/library-design-parity.spec.ts:99:1 › reference introduction uses exact rectangular posters and quiet library controls (1.8s)
  ✓   59 [host] › tests/e2e/library-design-parity.spec.ts:107:1 › compact shelf keeps all four books and drawer near the first viewport (2.1s)
  ✓   60 [host] › tests/e2e/library-design-parity.spec.ts:120:1 › cabinet joinery uses visible wood grain and preserves the book selection experience (876ms)
  ✓   61 [host] › tests/e2e/library-design-parity.spec.ts:128:1 › book page blocks stay narrow and rest above the shelf instead of protruding below the cover (692ms)
  ✓   62 [host] › tests/e2e/library-design-parity.spec.ts:134:1 › branded library shows word-safe cover titles and opens cover editing directly from the chosen book (1.4s)
  -   63 [host] › tests/e2e/local-library.spec.ts:101:1 › local library prepares three separate works and roundtrips preparation with rich existing content in actual Chrome
  ✓   64 [host] › tests/e2e/local-library.spec.ts:207:1 › library keeps blank planning optional and separates examples from a UI-created work (4.0s)
  ✓   65 [host] › tests/e2e/local-library.spec.ts:228:1 › previous device workspace opens in library without changing its authored content or legacy keys (1.6s)
  ✓   66 [host] › tests/e2e/local-library.spec.ts:257:1 › corrupt device storage is kept intact while UI-created recovery work can be exported (1.1s)
  ✓   67 [host] › tests/e2e/local-library.spec.ts:282:1 › example preparation makes an independent own copy and duplicate import keeps the original (2.8s)
  ✓   68 [host] › tests/e2e/media-provenance.spec.ts:4:1 › existing-work audio source and rights records travel with the original bytes (5.9s)
  ✓   69 [host] › tests/e2e/mobile-authoring.spec.ts:93:1 › phone authoring keeps drafts and runtime while tools, orientation, files and cut order change (7.6s)
  -   70 [host] › tests/e2e/mobile-authoring.spec.ts:187:1 › phone file-restored work renders real assets and both native Ren’Py endings with one iframe
  ✓   71 [host] › tests/e2e/presentation-polish.spec.ts:77:1 › presentation controls provide an explicit current-cut preview action without changing stored composition (1.7s)
  -   72 [host] › tests/e2e/presentation-polish.spec.ts:103:1 › actual auto actors leave a wider center and inverse drag remains correct at desktop, portrait and landscape
  -   73 [host] › tests/e2e/presentation-polish.spec.ts:146:1 › presentation preview visibly renders both native looks then restores neutral on back and restart
  ✓   74 [host] › tests/e2e/reading-surface.spec.ts:4:1 › reading gives the stage full width and keeps an exit while runtime is preparing (1.1s)
  ✓   75 [host] › tests/e2e/reading-surface.spec.ts:17:1 › current cut exposes outgoing destination and local chapter cut count (1.1s)
  ✓   76 [host] › tests/e2e/reading-surface.spec.ts:27:1 › choice-created chapters receive branch identity immediately (1.0s)
  ✓   77 [host] › tests/e2e/reading-surface.spec.ts:36:1 › landscape reading fits the complete runtime viewport above the screen edge (745ms)
  ✓   78 [host] › tests/e2e/reading-surface.spec.ts:42:1 › portrait reading keeps dialogue and choices inside the visible runtime area (710ms)
  ✓   79 [host] › tests/e2e/responsive-audio-authoring.spec.ts:46:34 › responsive audiovisual authoring and portable custom audio at 1280px (6.3s)
  ✓   80 [host] › tests/e2e/responsive-audio-authoring.spec.ts:46:34 › responsive audiovisual authoring and portable custom audio at 390px (6.9s)
  -   81 [host] › tests/e2e/responsive-audio-authoring.spec.ts:78:1 › native RenPy preserves music, runs custom sound once, adapts viewports and reaches both branches
  -   82 [host] › tests/e2e/responsive-audio-authoring.spec.ts:159:1 › delivered portable branching demo opens with embedded audio and plays both native endings
  -   83 [host] › tests/e2e/responsive-audio-authoring.spec.ts:184:1 › ending keeps the last entrance confirmed and does not replay its sounds
  ✓   84 [host] › tests/e2e/responsive-editor.spec.ts:3:1 › draft and the same iframe survive panel changes and portrait/landscape resize (507ms)
  ✓   85 [host] › tests/e2e/responsive-editor.spec.ts:21:1 › logical actor coordinates survive viewport changes (406ms)
  ✓   86 [host] › tests/e2e/runtime-unavailable.spec.ts:3:1 › runtime load failure preserves authored text without a substitute stage (234ms)
  ✓   87 [host] › tests/e2e/shortstory.spec.ts:3:1 › ShortStory edits static pages, saves, restores files and prints without runtime (686ms)
  ✓   88 [host] › tests/e2e/shortstory.spec.ts:30:1 › ShortStory pictures and Excel survive reopening on phone; unsupported audio is rejected (655ms)
  ✓   89 [host] › tests/e2e/stories.spec.ts:5:3 › 선녀와 나무꾼: representative text edits survive reload and file roundtrip (6.2s)
  ✓   90 [host] › tests/e2e/stories.spec.ts:5:3 › 흥부와 놀부: representative text edits survive reload and file roundtrip (3.1s)
  ✓   91 [host] › tests/e2e/stories.spec.ts:5:3 › 옹고집전: representative text edits survive reload and file roundtrip (3.2s)
  ✓   92 [host] › tests/e2e/stories.spec.ts:5:3 › 별주부전: representative text edits survive reload and file roundtrip (3.1s)
  ✓   93 [host] › tests/e2e/stories.spec.ts:30:1 › persistent story runtime and current edit survive narrow screen changes (1.4s)
  ✓   94 [host] › tests/e2e/stories.spec.ts:54:1 › malformed import preserves current work and explains the error (1.4s)
  ✓   95 [host] › tests/e2e/stories.spec.ts:72:1 › edits stay separate when switching representative works (1.9s)
  ✓   96 [host] › tests/e2e/stories.spec.ts:85:1 › unfinished links and explicit endings remain distinct in playback (5.4s)
  ✓   97 [host] › tests/e2e/stories.spec.ts:103:1 › importing a different work preserves edits in the outgoing representative work (2.5s)
  ✓   98 [host] › tests/e2e/stories.spec.ts:126:3 › empty imported document leaves the editor intact (1.4s)
  ✓   99 [host] › tests/e2e/stories.spec.ts:126:3 › unknown-asset imported document leaves the editor intact (1.5s)
  ✓  100 [host] › tests/e2e/stories.spec.ts:161:1 › reading position and branch history resume after reload (5.0s)
  ✓  101 [host] › tests/e2e/vn-workflow.spec.ts:8:1 › Next Excel and public Google sheet roundtrip preserves actual attached audio and extended fields (2.3s)
  -  102 [host] › tests/e2e/vn-workflow.spec.ts:20:1 › native portrait single speaker, slots and actual-path backlog restore both routes
  -  103 [host] › tests/e2e/vn-workflow.spec.ts:36:1 › changed-work slots show saved excerpt and require explicit compatible restore
  -  104 [host] › tests/e2e/vn-workflow.spec.ts:47:1 › numbered real-asset branch chapters play A and B then join without crossing routes
(node:21795) Warning: The 'NO_COLOR' env is ignored due to the 'FORCE_COLOR' env being set.
(Use `node --trace-warnings ...` to show where the warning was created)
  ✓  105 [host] › tests/e2e/entry-cover.spec.ts:6:1 › first browser entry introduces existing books, return enters library and introduction remains reachable (6.1s)
  ✓  106 [host] › tests/e2e/entry-cover.spec.ts:28:95 › seonnyeo-classic: full cover draft, cancellation, layered editing and archive restoration (6.2s)
  ✓  107 [host] › tests/e2e/entry-cover.spec.ts:28:95 › heungbu: full cover draft, cancellation, layered editing and archive restoration (6.3s)
  -  108 [host] › tests/e2e/entry-cover.spec.ts:58:1 › all eight existing editions enter actual RenPy through their stored book cover
  ✓  109 [host] › tests/e2e/entry-cover.spec.ts:71:89 › existing book cover touch and keyboard editing at portrait (1.7s)
  ✓  110 [host] › tests/e2e/entry-cover.spec.ts:71:89 › existing book cover touch and keyboard editing at landscape (1.7s)
  ✓  111 [host] › tests/e2e/entry-cover.spec.ts:79:1 › cover title validation keeps the applied book intact and draft recoverable (1.1s)
  -  112 [host] › tests/e2e/existing-score-runtime.spec.ts:111:27 › seonnyeo-classic: actual browser reads the existing scored work, resumes and preserves its archive
  -  113 [host] › tests/e2e/existing-score-runtime.spec.ts:111:27 › heungbu-classic: actual browser reads the existing scored work, resumes and preserves its archive
  -  114 [host] › tests/e2e/existing-score-runtime.spec.ts:111:27 › onggojib-classic: actual browser reads the existing scored work, resumes and preserves its archive
  -  115 [host] › tests/e2e/existing-score-runtime.spec.ts:111:27 › rabbit-classic: actual browser reads the existing scored work, resumes and preserves its archive
  -  116 [host] › tests/e2e/existing-score-runtime.spec.ts:111:27 › seonnyeo: actual browser reads the existing scored work, resumes and preserves its archive
  -  117 [host] › tests/e2e/existing-score-runtime.spec.ts:111:27 › heungbu: actual browser reads the existing scored work, resumes and preserves its archive
  -  118 [host] › tests/e2e/existing-score-runtime.spec.ts:111:27 › onggojib: actual browser reads the existing scored work, resumes and preserves its archive
  -  119 [host] › tests/e2e/existing-score-runtime.spec.ts:111:27 › rabbit: actual browser reads the existing scored work, resumes and preserves its archive
  -  120 [host] › tests/e2e/existing-score-runtime.spec.ts:197:1 › Seonnyeo existing storm: fixed original versus scored cut in actual browser Ren’Py
  -  121 [host] › tests/e2e/existing-score-runtime.spec.ts:238:1 › existing eight works: actual decoded music clock advances after the first unlocked cue

  28 skipped
  93 passed (4.6m)
