
Running 38 tests using 1 worker

(node:94808) Warning: The 'NO_COLOR' env is ignored due to the 'FORCE_COLOR' env being set.
(Use `node --trace-warnings ...` to show where the warning was created)


[1/38] [host] › tests/e2e/entry-cover.spec.ts:6:1 › first browser entry introduces existing books, return enters library and introduction remains reachable
[2/38] [host] › tests/e2e/entry-cover.spec.ts:28:113 › seonnyeo-classic: full cover draft, cancellation, layered editing and archive restoration
[3/38] [host] › tests/e2e/entry-cover.spec.ts:28:113 › heungbu: full cover draft, cancellation, layered editing and archive restoration
[4/38] [host] › tests/e2e/entry-cover.spec.ts:59:1 › all eight existing editions enter actual RenPy through their stored book cover
[5/38] [host] › tests/e2e/entry-cover.spec.ts:72:89 › existing book cover touch and keyboard editing at portrait
[6/38] [host] › tests/e2e/entry-cover.spec.ts:72:89 › existing book cover touch and keyboard editing at landscape
[7/38] [host] › tests/e2e/entry-cover.spec.ts:80:1 › cover title validation keeps the applied book intact and draft recoverable
(node:95409) Warning: The 'NO_COLOR' env is ignored due to the 'FORCE_COLOR' env being set.
(Use `node --trace-warnings ...` to show where the warning was created)


[8/38] [host] › tests/e2e/existing-story-enhancement.spec.ts:5:1 › existing originals are directly readable beside KnolStory works
[9/38] [host] › tests/e2e/library-design-parity.spec.ts:8:83 › legacy book surfaces and focus browsing at 1365x900
[10/38] [host] › tests/e2e/library-design-parity.spec.ts:8:83 › legacy book surfaces and focus browsing at 820x1180
[11/38] [host] › tests/e2e/library-design-parity.spec.ts:8:83 › legacy book surfaces and focus browsing at 390x844
[12/38] [host] › tests/e2e/library-design-parity.spec.ts:8:83 › legacy book surfaces and focus browsing at 844x390
[13/38] [host] › tests/e2e/library-design-parity.spec.ts:8:83 › legacy book surfaces and focus browsing at 320x740
[14/38] [host] › tests/e2e/library-design-parity.spec.ts:18:1 › cover canvas supports keyboard, drag cancellation and one-operation undo without applying a draft
[15/38] [host] › tests/e2e/library-design-parity.spec.ts:27:1 › imported shelf pages retain all existing-book copies and filter back to the first matching book
[16/38] [host] › tests/e2e/library-design-parity.spec.ts:40:1 › layered front, spine and back covers keep direct edits in the draft until apply
[17/38] [host] › tests/e2e/library-design-parity.spec.ts:49:1 › all eight books start native RenPy from the library focus and retain the same runtime
[18/38] [host] › tests/e2e/library-design-parity.spec.ts:61:1 › one pointer drag can undo, redo and apply while preserving the existing manuscript
[19/38] [host] › tests/e2e/library-design-parity.spec.ts:67:1 › tab browsing preferences survive book work and reload without entering the story file
[20/38] [host] › tests/e2e/library-design-parity.spec.ts:72:1 › modal keyboard boundaries include collapsed settings and nested image selection
[21/38] [host] › tests/e2e/library-design-parity.spec.ts:76:1 › cover title size changes the rendered typography without covering the whole artwork panel
[22/38] [host] › tests/e2e/library-design-parity.spec.ts:80:1 › books physically rest on shelf faces and room decoration frames the focused shelves
[23/38] [host] › tests/e2e/library-design-parity.spec.ts:92:1 › one cabinet and drawer follow 5x2, 4x2, 3x3 and 2x3 available-width layouts
  1) [host] › tests/e2e/library-design-parity.spec.ts:92:1 › one cabinet and drawer follow 5x2, 4x2, 3x3 and 2x3 available-width layouts 

    Error: expect(locator).toHaveAttribute(expected) failed

    Locator:  locator('[data-shelf-room]')
    Expected: "2"
    Received: "1"
    Timeout:  5000ms

    Call log:
      - Expect "toHaveAttribute" locator('[data-shelf-room]') with timeout 5000ms
      - waiting for locator('[data-shelf-room]')
        14 × locator resolved to <div data-rows="1" data-columns="5" data-capacity="10" data-shelf-room="warm" class="local-bookshelf-module__E5KFCW__grid">…</div>
           - unexpected value "1"


      93 |  await page.goto('/');await enterLibrary(page);const shelf=page.locator('[data-shelf-room]');await expect(shelf).toHaveCount(1);await expect(page.getByLabel('책장 서랍',{exact:true})).toBeVisible();
      94 |  for(const [width,height,columns,rows] of [[1500,1000,5,2],[1200,900,4,2],[820,1180,3,3],[390,844,2,3]]){
    > 95 |   await page.setViewportSize({width,height});await expect(shelf).toHaveAttribute('data-columns',String(columns));await expect(shelf).toHaveAttribute('data-rows',String(rows));await expect(shelf).toHaveAttribute('data-capacity',String(columns*rows));await expect(page.locator('[data-shelf-book]')).toHaveCount(Math.min(4,columns*rows));await expect(page.locator('[data-shelf-book]').getByRole('button')).toHaveCount(Math.min(4,columns*rows));const contact=await page.locator('[data-shelf-book]').evaluateAll(nodes=>nodes.map(node=>Math.abs(node.querySelector('[data-shelf-cover]')!.getBoundingClientRect().bottom-node.querySelector('[class*="plank"]')!.getBoundingClientRect().top)));expect(Math.max(...contact)).toBeLessThanOrEqual(2);
         |                                                                                                                                      ^
      96 |  }
      97 | });
      98 |
        at <workspace>/tests/e2e/library-design-parity.spec.ts:95:134

    Error Context: ../../../../../tmp/knol-regression-host-results/library-design-parity-one--09864-2x3-available-width-layouts-host/error-context.md

    attachment #2: trace (application/zip) ─────────────────────────────────────────────────────────
    ../../../../../tmp/knol-regression-host-results/library-design-parity-one--09864-2x3-available-width-layouts-host/trace.zip
    Usage:

        pnpm exec playwright show-trace ../../../../../tmp/knol-regression-host-results/library-design-parity-one--09864-2x3-available-width-layouts-host/trace.zip

    ────────────────────────────────────────────────────────────────────────────────────────────────


(node:95888) Warning: The 'NO_COLOR' env is ignored due to the 'FORCE_COLOR' env being set.
(Use `node --trace-warnings ...` to show where the warning was created)


[24/38] [host] › tests/e2e/library-design-parity.spec.ts:99:1 › reference introduction uses exact rectangular posters and quiet library controls
[25/38] [host] › tests/e2e/library-design-parity.spec.ts:107:1 › compact shelf keeps all four books and drawer near the first viewport
[26/38] [host] › tests/e2e/library-design-parity.spec.ts:120:1 › cabinet joinery uses visible wood grain and preserves the book selection experience
  2) [host] › tests/e2e/library-design-parity.spec.ts:120:1 › cabinet joinery uses visible wood grain and preserves the book selection experience 

    Error: expect(locator).toHaveCount(expected) failed

    Locator:  locator('[data-cabinet-rail]')
    Expected: 2
    Received: 1
    Timeout:  5000ms

    Call log:
      - Expect "toHaveCount" locator('[data-cabinet-rail]') with timeout 5000ms
      - waiting for locator('[data-cabinet-rail]')
        14 × locator resolved to 1 element
           - unexpected value "1"


      120 | test('cabinet joinery uses visible wood grain and preserves the book selection experience',async({page})=>{
      121 |  await page.goto('/');await enterLibrary(page);
    > 122 |  await expect(page.locator('[data-cabinet-upright]')).toHaveCount(2);await expect(page.locator('[data-cabinet-rail]')).toHaveCount(2);await expect(page.locator('[data-cabinet-base]')).toHaveCount(1);
          |                                                                                                                        ^
      123 |  const surfaces=await page.locator('[data-cabinet-upright], [data-cabinet-base], [data-drawer-face]').evaluateAll(nodes=>nodes.map(node=>({image:getComputedStyle(node).backgroundImage,pointer:getComputedStyle(node).pointerEvents})));
      124 |  expect(surfaces.every(surface=>surface.image.includes('shelf.webp'))).toBe(true);
      125 |  const shelf=page.locator('[data-shelf-book]').first();const opener=shelf.getByRole('button');await opener.focus();await page.keyboard.press('Enter');await expect(page.getByRole('dialog')).toBeVisible();await page.keyboard.press('Escape');await expect(opener).toBeFocused();
        at <workspace>/tests/e2e/library-design-parity.spec.ts:122:120

    Error Context: ../../../../../tmp/knol-regression-host-results/library-design-parity-cabi-bdfd9-e-book-selection-experience-host/error-context.md

    attachment #2: trace (application/zip) ─────────────────────────────────────────────────────────
    ../../../../../tmp/knol-regression-host-results/library-design-parity-cabi-bdfd9-e-book-selection-experience-host/trace.zip
    Usage:

        pnpm exec playwright show-trace ../../../../../tmp/knol-regression-host-results/library-design-parity-cabi-bdfd9-e-book-selection-experience-host/trace.zip

    ────────────────────────────────────────────────────────────────────────────────────────────────


(node:96053) Warning: The 'NO_COLOR' env is ignored due to the 'FORCE_COLOR' env being set.
(Use `node --trace-warnings ...` to show where the warning was created)


[27/38] [host] › tests/e2e/library-design-parity.spec.ts:128:1 › book page blocks stay narrow and rest above the shelf instead of protruding below the cover
[28/38] [host] › tests/e2e/library-design-parity.spec.ts:134:1 › branded library shows word-safe cover titles and opens cover editing directly from the chosen book
[29/38] [host] › tests/e2e/local-library.spec.ts:101:1 › local library prepares three separate works and roundtrips preparation with rich existing content in actual Chrome
[30/38] [host] › tests/e2e/local-library.spec.ts:207:1 › library keeps blank planning optional and separates examples from a UI-created work
[31/38] [host] › tests/e2e/local-library.spec.ts:228:1 › previous device workspace opens in library without changing its authored content or legacy keys
[32/38] [host] › tests/e2e/local-library.spec.ts:257:1 › corrupt device storage is kept intact while UI-created recovery work can be exported
[33/38] [host] › tests/e2e/local-library.spec.ts:282:1 › example preparation makes an independent own copy and duplicate import keeps the original
  3) [host] › tests/e2e/local-library.spec.ts:282:1 › example preparation makes an independent own copy and duplicate import keeps the original 

    Error: expect(locator).toContainText(expected) failed

    Locator: getByRole('region', { name: '기본 작품', exact: true }).getByRole('article').first()
    Expected substring: "선녀와 나무꾼"
    Received string:    "원작또 다른 이름, 토끼전별주부전전래 이야기 지음별주부전여러 별주부전 이본의 공통적인 중심 사건을 바탕으로 오늘날의 독자가 읽기 쉽게 풀어 쓴 원작 읽기입니다.지은이 · 전래 이야기최근 수정 · 원작 읽기 기준본"
    Timeout: 5000ms

    Call log:
      - Expect "toContainText" getByRole('region', { name: '기본 작품', exact: true }).getByRole('article').first() with timeout 5000ms
      - waiting for getByRole('region', { name: '기본 작품', exact: true }).getByRole('article').first()
        14 × locator resolved to <article data-work-id="rabbit" data-shelf-book="true" aria-label="기본 작품 · 별주부전" class="local-bookshelf-module__E5KFCW__card">…</article>
           - unexpected value "원작또 다른 이름, 토끼전별주부전전래 이야기 지음별주부전여러 별주부전 이본의 공통적인 중심 사건을 바탕으로 오늘날의 독자가 읽기 쉽게 풀어 쓴 원작 읽기입니다.지은이 · 전래 이야기최근 수정 · 원작 읽기 기준본"


      283 |  test.skip(info.project.name!=='host');await page.goto('/'); await enterLibrary(page);await library(page);
      284 |  const originalTitle='선녀와 나무꾼';await openBuiltinEdition(page,'seonnyeo','knolstory','prepare');
    > 285 |  await expect(page.getByRole('region',{name:'작품 준비',exact:true}).getByLabel('작품 제목',{exact:true})).toHaveValue(`${originalTitle} · 내 사본`);await library(page);await expect(page.getByRole('region',{name:'기본 작품',exact:true}).getByRole('article').first()).toContainText(originalTitle);await expect(page.getByRole('region',{name:'내 작품',exact:true}).getByRole('article')).toHaveCount(1);
          |                                                                                                                                                                                                                                                             ^
      286 |  await importShelfFile(page,forestFile);await saved(page);await library(page);const raw=await page.evaluate(()=>Object.fromEntries(Object.entries(JSON.parse(localStorage.getItem('knolstory-next-workspace-v1')!).works).map(([key,value])=>[key,(value as {project:unknown}).project])));await importShelfFile(page,forestFile);await expect(page.getByRole('main',{name:'로컬 서재'})).toContainText('같은 작품이 이미');await expect(page.getByRole('region',{name:'가져온 작품'}).getByRole('article')).toHaveCount(1);expect(await page.evaluate(()=>Object.fromEntries(Object.entries(JSON.parse(localStorage.getItem('knolstory-next-workspace-v1')!).works).map(([key,value])=>[key,(value as {project:unknown}).project])))).toEqual(raw);
      287 | });
      288 |
        at <workspace>/tests/e2e/local-library.spec.ts:285:253

    Error Context: ../../../../../tmp/knol-regression-host-results/local-library-example-prep-858d9-e-import-keeps-the-original-host/error-context.md

    attachment #2: trace (application/zip) ─────────────────────────────────────────────────────────
    ../../../../../tmp/knol-regression-host-results/local-library-example-prep-858d9-e-import-keeps-the-original-host/trace.zip
    Usage:

        pnpm exec playwright show-trace ../../../../../tmp/knol-regression-host-results/local-library-example-prep-858d9-e-import-keeps-the-original-host/trace.zip

    ────────────────────────────────────────────────────────────────────────────────────────────────


(node:96247) Warning: The 'NO_COLOR' env is ignored due to the 'FORCE_COLOR' env being set.
(Use `node --trace-warnings ...` to show where the warning was created)


[34/38] [host] › tests/e2e/reading-surface.spec.ts:4:1 › reading gives the stage full width and keeps an exit while runtime is preparing
[35/38] [host] › tests/e2e/reading-surface.spec.ts:17:1 › current cut exposes outgoing destination and local chapter cut count
[36/38] [host] › tests/e2e/reading-surface.spec.ts:27:1 › choice-created chapters receive branch identity immediately
[37/38] [host] › tests/e2e/reading-surface.spec.ts:36:1 › landscape reading fits the complete runtime viewport above the screen edge
[38/38] [host] › tests/e2e/reading-surface.spec.ts:42:1 › portrait reading keeps dialogue and choices inside the visible runtime area
  3 failed
    [host] › tests/e2e/library-design-parity.spec.ts:92:1 › one cabinet and drawer follow 5x2, 4x2, 3x3 and 2x3 available-width layouts 
    [host] › tests/e2e/library-design-parity.spec.ts:120:1 › cabinet joinery uses visible wood grain and preserves the book selection experience 
    [host] › tests/e2e/local-library.spec.ts:282:1 › example preparation makes an independent own copy and duplicate import keeps the original 
  3 skipped
  32 passed (2.3m)
