
 RUN  v4.1.11 <workspace>
      Coverage enabled with v8


 Test Files  54 passed (54)
      Tests  845 passed (845)
   Start at  09:39:40
   Duration  11.37s (transform 1.03s, setup 0ms, import 4.91s, tests 12.31s, environment 2ms)

 % Coverage report from v8
-------------------|---------|----------|---------|---------|-------------------
File               | % Stmts | % Branch | % Funcs | % Lines | Uncovered Line #s 
-------------------|---------|----------|---------|---------|-------------------
All files          |   93.34 |    90.68 |   95.32 |   97.59 |                   
 apps/web/lib      |   85.71 |    83.57 |   87.09 |   91.91 |                   
  ...references.ts |   82.35 |       75 |    87.5 |     100 | 9-16              
  ...ortability.ts |     100 |    89.47 |     100 |     100 | 8-9,29            
  ...-resources.ts |   92.94 |    91.83 |   85.18 |   98.07 | 36                
  ...ver-editor.ts |   92.15 |    76.33 |      95 |   92.64 | 80,108,113-115    
  book-cover.ts    |   97.59 |    93.43 |      96 |     100 | 28-33,46,67,89,94 
  ...teractions.ts |     100 |     92.3 |     100 |     100 | 38-41             
  ...g-keyboard.ts |   42.85 |       50 |   33.33 |   41.66 | 10-16             
  ...ry-catalog.ts |     100 |    87.17 |     100 |     100 | 8-13,22,24,26     
  ...provenance.ts |      85 |     90.9 |     100 |     100 | 5-8               
  ...al-library.ts |   88.46 |    83.33 |     100 |     100 | 16-19,28          
  player-saves.ts  |    92.3 |    91.86 |     100 |     100 | 25,30-32,38-42,51 
  ...tion-phase.ts |     100 |       50 |     100 |     100 | 4                 
  ...tory-cover.ts |     100 |       75 |     100 |     100 | 6                 
  ...ry-library.ts |   88.88 |    83.33 |   88.88 |   95.83 | 32                
  story-archive.ts |       0 |        0 |       0 |       0 | 6-36              
  ...reparation.ts |   93.02 |    92.85 |   88.46 |     100 | 24,42             
  ...ce-storage.ts |   89.23 |    89.33 |     100 |     100 | ...31-33,35,40,49 
 ...t-registry/src |     100 |    92.07 |     100 |     100 |                   
  asset-query.ts   |     100 |    92.05 |     100 |     100 | ...,67-69,116-118 
  index.ts         |     100 |     87.5 |     100 |     100 | 36                
 ...patibility/src |   90.56 |    82.08 |   96.36 |    99.5 |                   
  ...ic-stories.ts |   83.33 |       50 |     100 |     100 | 23-34             
  excel.ts         |    89.7 |    74.41 |     100 |     100 | 10-20,23-28,45-48 
  index.ts         |      80 |       50 |     100 |     100 | 11-18             
  ...-originals.ts |      70 |       50 |   66.66 |      75 | 9                 
  shortstory.ts    |      85 |    84.84 |   95.23 |     100 | 17-20,30-34,47-49 
  ...-direction.ts |     100 |    95.78 |     100 |     100 | 57,71,80-82       
  story-table.ts   |   92.61 |    76.82 |   97.22 |     100 | ...5,81,87,92,101 
 ...e-contract/src |    93.4 |     92.4 |     100 |   98.41 |                   
  audio.ts         |   90.47 |    90.19 |     100 |     100 | 12,18             
  index.ts         |   94.28 |    92.85 |     100 |   98.07 | 72                
 ...ntime-core/src |   97.14 |    93.34 |   97.95 |     100 |                   
  audio.ts         |   96.77 |       95 |     100 |     100 | 6-7,23            
  authoring.ts     |   97.14 |    96.96 |   96.87 |     100 | 20,59             
  ...-authoring.ts |      99 |     92.3 |   97.56 |     100 | 41,49,61,66,71,73 
  flow-analysis.ts |     100 |    98.55 |     100 |     100 | 98                
  ...ck-history.ts |     100 |     86.2 |     100 |     100 | 13-14,22          
  ...ion-scopes.ts |   89.65 |       84 |     100 |     100 | 6-10,16,20        
  ...-placement.ts |   94.73 |       75 |     100 |     100 | 10,16-17          
  ...ive-layout.ts |      95 |    97.36 |     100 |     100 | 12                
  stage-layout.ts  |     100 |     91.2 |     100 |     100 | 20,29,45-47,56-58 
  stage-view.ts    |     100 |    94.23 |     100 |     100 | 85,97,100         
  story-runtime.ts |      94 |    93.08 |   93.93 |     100 | ...48,155-157,162 
 ...ain/src/legacy |   98.32 |    96.61 |   99.47 |    99.6 |                   
  ...r-identity.ts |   76.92 |    71.42 |     100 |   81.81 | 13-14             
  cover-design.ts  |   95.89 |    96.39 |   93.75 |     100 | 46,67,85          
  ...tive-memos.ts |     100 |    97.91 |     100 |     100 | 64                
  story-flow.ts    |     100 |    92.59 |     100 |     100 | ...30,138-147,155 
  ...esentation.ts |      96 |    96.26 |     100 |     100 | 20-22,24          
  ...t-document.ts |     100 |    95.12 |     100 |     100 | 82-103,139,154    
  ...validation.ts |     100 |    98.77 |     100 |     100 | 390,453,456       
  ...omposition.ts |   95.58 |     96.1 |     100 |     100 | 67,79,85-86       
-------------------|---------|----------|---------|---------|-------------------

=============================== Coverage summary ===============================
Statements   : 93.34% ( 2581/2765 )
Branches     : 90.68% ( 3289/3627 )
Functions    : 95.32% ( 755/792 )
Lines        : 97.59% ( 1707/1749 )
================================================================================
