
> knolstory-next@ runtime:build <workspace>
> python3 spikes/renpy-web/build.py

Scanning Ren'Py files...

Writing the web zip package. - 1 of 1047
Writing the web zip package. - 2 of 1047
Writing the web zip package. - 3 of 1047
Writing the web zip package. - 4 of 1047
Writing the web zip package. - 5 of 1047
Writing the web zip package. - 6 of 1047
Writing the web zip package. - 7 of 1047
Writing the web zip package. - 8 of 1047
Writing the web zip package. - 9 of 1047
Writing the web zip package. - 10 of 1047
Writing the web zip package. - 11 of 1047
Writing the web zip package. - 12 of 1047
Writing the web zip package. - 13 of 1047
Writing the web zip package. - 14 of 1047
Writing the web zip package. - 15 of 1047
Writing the web zip package. - 16 of 1047
Writing the web zip package. - 17 of 1047
Writing the web zip package. - 18 of 1047
Writing the web zip package. - 19 of 1047
Writing the web zip package. - 20 of 1047
Writing the web zip package. - 21 of 1047
Writing the web zip package. - 22 of 1047
Writing the web zip package. - 23 of 1047
Writing the web zip package. - 24 of 1047
Writing the web zip package. - 25 of 1047
Writing the web zip package. - 26 of 1047
Writing the web zip package. - 27 of 1047
Writing the web zip package. - 28 of 1047
Writing the web zip package. - 29 of 1047
Writing the web zip package. - 30 of 1047
Writing the web zip package. - 31 of 1047
Writing the web zip package. - 32 of 1047
Writing the web zip package. - 33 of 1047
Writing the web zip package. - 34 of 1047
Writing the web zip package. - 35 of 1047
Writing the web zip package. - 36 of 1047
Writing the web zip package. - 37 of 1047
Writing the web zip package. - 38 of 1047
Writing the web zip package. - 39 of 1047
Writing the web zip package. - 40 of 1047
Writing the web zip package. - 41 of 1047
Writing the web zip package. - 42 of 1047
Writing the web zip package. - 43 of 1047
Writing the web zip package. - 44 of 1047
Writing the web zip package. - 45 of 1047
Writing the web zip package. - 46 of 1047
Writing the web zip package. - 47 of 1047
Writing the web zip package. - 48 of 1047
Writing the web zip package. - 49 of 1047
Writing the web zip package. - 50 of 1047
Writing the web zip package. - 51 of 1047
Writing the web zip package. - 52 of 1047
Writing the web zip package. - 53 of 1047
Writing the web zip package. - 54 of 1047
Writing the web zip package. - 55 of 1047
Writing the web zip package. - 56 of 1047
Writing the web zip package. - 57 of 1047
Writing the web zip package. - 58 of 1047
Writing the web zip package. - 59 of 1047
Writing the web zip package. - 60 of 1047
Writing the web zip package. - 61 of 1047
Writing the web zip package. - 62 of 1047
Writing the web zip package. - 63 of 1047
Writing the web zip package. - 64 of 1047
Writing the web zip package. - 65 of 1047
Writing the web zip package. - 66 of 1047
Writing the web zip package. - 67 of 1047
Writing the web zip package. - 68 of 1047
Writing the web zip package. - 69 of 1047
Writing the web zip package. - 70 of 1047
Writing the web zip package. - 71 of 1047
Writing the web zip package. - 72 of 1047
Writing the web zip package. - 73 of 1047
Writing the web zip package. - 74 of 1047
Writing the web zip package. - 75 of 1047
Writing the web zip package. - 76 of 1047
Writing the web zip package. - 77 of 1047
Writing the web zip package. - 78 of 1047
Writing the web zip package. - 79 of 1047
Writing the web zip package. - 80 of 1047
Writing the web zip package. - 81 of 1047
Writing the web zip package. - 82 of 1047
Writing the web zip package. - 83 of 1047
Writing the web zip package. - 84 of 1047
Writing the web zip package. - 85 of 1047
Writing the web zip package. - 86 of 1047
Writing the web zip package. - 87 of 1047
Writing the web zip package. - 88 of 1047
Writing the web zip package. - 89 of 1047
Writing the web zip package. - 90 of 1047
Writing the web zip package. - 91 of 1047
Writing the web zip package. - 92 of 1047
Writing the web zip package. - 93 of 1047
Writing the web zip package. - 94 of 1047
Writing the web zip package. - 95 of 1047
Writing the web zip package. - 96 of 1047
Writing the web zip package. - 97 of 1047
Writing the web zip package. - 98 of 1047
Writing the web zip package. - 99 of 1047
Writing the web zip package. - 100 of 1047
Writing the web zip package. - 101 of 1047
Writing the web zip package. - 102 of 1047
Writing the web zip package. - 103 of 1047
Writing the web zip package. - 104 of 1047
Writing the web zip package. - 105 of 1047
Writing the web zip package. - 106 of 1047
Writing the web zip package. - 107 of 1047
Writing the web zip package. - 108 of 1047
Writing the web zip package. - 109 of 1047
Writing the web zip package. - 110 of 1047
Writing the web zip package. - 111 of 1047
Writing the web zip package. - 112 of 1047
Writing the web zip package. - 113 of 1047
Writing the web zip package. - 114 of 1047
Writing the web zip package. - 115 of 1047
Writing the web zip package. - 116 of 1047
Writing the web zip package. - 117 of 1047
Writing the web zip package. - 118 of 1047
Writing the web zip package. - 119 of 1047
Writing the web zip package. - 120 of 1047
Writing the web zip package. - 121 of 1047
Writing the web zip package. - 122 of 1047
Writing the web zip package. - 123 of 1047
Writing the web zip package. - 124 of 1047
Writing the web zip package. - 125 of 1047
Writing the web zip package. - 126 of 1047
Writing the web zip package. - 127 of 1047
Writing the web zip package. - 128 of 1047
Writing the web zip package. - 129 of 1047
Writing the web zip package. - 130 of 1047
Writing the web zip package. - 131 of 1047
Writing the web zip package. - 132 of 1047
Writing the web zip package. - 133 of 1047
Writing the web zip package. - 134 of 1047
Writing the web zip package. - 135 of 1047
Writing the web zip package. - 136 of 1047
Writing the web zip package. - 137 of 1047
Writing the web zip package. - 138 of 1047
Writing the web zip package. - 139 of 1047
Writing the web zip package. - 140 of 1047
Writing the web zip package. - 141 of 1047
Writing the web zip package. - 142 of 1047
Writing the web zip package. - 143 of 1047
Writing the web zip package. - 144 of 1047
Writing the web zip package. - 145 of 1047
Writing the web zip package. - 146 of 1047
Writing the web zip package. - 147 of 1047
Writing the web zip package. - 148 of 1047
Writing the web zip package. - 149 of 1047
Writing the web zip package. - 150 of 1047
Writing the web zip package. - 151 of 1047
Writing the web zip package. - 152 of 1047
Writing the web zip package. - 153 of 1047
Writing the web zip package. - 154 of 1047
Writing the web zip package. - 155 of 1047
Writing the web zip package. - 156 of 1047
Writing the web zip package. - 157 of 1047
Writing the web zip package. - 158 of 1047
Writing the web zip package. - 159 of 1047
Writing the web zip package. - 160 of 1047
Writing the web zip package. - 161 of 1047
Writing the web zip package. - 162 of 1047
Writing the web zip package. - 163 of 1047
Writing the web zip package. - 164 of 1047
Writing the web zip package. - 165 of 1047
Writing the web zip package. - 166 of 1047
Writing the web zip package. - 167 of 1047
Writing the web zip package. - 168 of 1047
Writing the web zip package. - 169 of 1047
Writing the web zip package. - 170 of 1047
Writing the web zip package. - 171 of 1047
Writing the web zip package. - 172 of 1047
Writing the web zip package. - 173 of 1047
Writing the web zip package. - 174 of 1047
Writing the web zip package. - 175 of 1047
Writing the web zip package. - 176 of 1047
Writing the web zip package. - 177 of 1047
Writing the web zip package. - 178 of 1047
Writing the web zip package. - 179 of 1047
Writing the web zip package. - 180 of 1047
Writing the web zip package. - 181 of 1047
Writing the web zip package. - 182 of 1047
Writing the web zip package. - 183 of 1047
Writing the web zip package. - 184 of 1047
Writing the web zip package. - 185 of 1047
Writing the web zip package. - 186 of 1047
Writing the web zip package. - 187 of 1047
Writing the web zip package. - 188 of 1047
Writing the web zip package. - 189 of 1047
Writing the web zip package. - 190 of 1047
Writing the web zip package. - 191 of 1047
Writing the web zip package. - 192 of 1047
Writing the web zip package. - 193 of 1047
Writing the web zip package. - 194 of 1047
Writing the web zip package. - 195 of 1047
Writing the web zip package. - 196 of 1047
Writing the web zip package. - 197 of 1047
Writing the web zip package. - 198 of 1047
Writing the web zip package. - 199 of 1047
Writing the web zip package. - 200 of 1047
Writing the web zip package. - 201 of 1047
Writing the web zip package. - 202 of 1047
Writing the web zip package. - 203 of 1047
Writing the web zip package. - 204 of 1047
Writing the web zip package. - 205 of 1047
Writing the web zip package. - 206 of 1047
Writing the web zip package. - 207 of 1047
Writing the web zip package. - 208 of 1047
Writing the web zip package. - 209 of 1047
Writing the web zip package. - 210 of 1047
Writing the web zip package. - 211 of 1047
Writing the web zip package. - 212 of 1047
Writing the web zip package. - 213 of 1047
Writing the web zip package. - 214 of 1047
Writing the web zip package. - 215 of 1047
Writing the web zip package. - 216 of 1047
Writing the web zip package. - 217 of 1047
Writing the web zip package. - 218 of 1047
Writing the web zip package. - 219 of 1047
Writing the web zip package. - 220 of 1047
Writing the web zip package. - 221 of 1047
Writing the web zip package. - 222 of 1047
Writing the web zip package. - 223 of 1047
Writing the web zip package. - 224 of 1047
Writing the web zip package. - 225 of 1047
Writing the web zip package. - 226 of 1047
Writing the web zip package. - 227 of 1047
Writing the web zip package. - 228 of 1047
Writing the web zip package. - 229 of 1047
Writing the web zip package. - 230 of 1047
Writing the web zip package. - 231 of 1047
Writing the web zip package. - 232 of 1047
Writing the web zip package. - 233 of 1047
Writing the web zip package. - 234 of 1047
Writing the web zip package. - 235 of 1047
Writing the web zip package. - 236 of 1047
Writing the web zip package. - 237 of 1047
Writing the web zip package. - 238 of 1047
Writing the web zip package. - 239 of 1047
Writing the web zip package. - 240 of 1047
Writing the web zip package. - 241 of 1047
Writing the web zip package. - 242 of 1047
Writing the web zip package. - 243 of 1047
Writing the web zip package. - 244 of 1047
Writing the web zip package. - 245 of 1047
Writing the web zip package. - 246 of 1047
Writing the web zip package. - 247 of 1047
Writing the web zip package. - 248 of 1047
Writing the web zip package. - 249 of 1047
Writing the web zip package. - 250 of 1047
Writing the web zip package. - 251 of 1047
Writing the web zip package. - 252 of 1047
Writing the web zip package. - 253 of 1047
Writing the web zip package. - 254 of 1047
Writing the web zip package. - 255 of 1047
Writing the web zip package. - 256 of 1047
Writing the web zip package. - 257 of 1047
Writing the web zip package. - 258 of 1047
Writing the web zip package. - 259 of 1047
Writing the web zip package. - 260 of 1047
Writing the web zip package. - 261 of 1047
Writing the web zip package. - 262 of 1047
Writing the web zip package. - 263 of 1047
Writing the web zip package. - 264 of 1047
Writing the web zip package. - 265 of 1047
Writing the web zip package. - 266 of 1047
Writing the web zip package. - 267 of 1047
Writing the web zip package. - 268 of 1047
Writing the web zip package. - 269 of 1047
Writing the web zip package. - 270 of 1047
Writing the web zip package. - 271 of 1047
Writing the web zip package. - 272 of 1047
Writing the web zip package. - 273 of 1047
Writing the web zip package. - 274 of 1047
Writing the web zip package. - 275 of 1047
Writing the web zip package. - 276 of 1047
Writing the web zip package. - 277 of 1047
Writing the web zip package. - 278 of 1047
Writing the web zip package. - 279 of 1047
Writing the web zip package. - 280 of 1047
Writing the web zip package. - 281 of 1047
Writing the web zip package. - 282 of 1047
Writing the web zip package. - 283 of 1047
Writing the web zip package. - 284 of 1047
Writing the web zip package. - 285 of 1047
Writing the web zip package. - 286 of 1047
Writing the web zip package. - 287 of 1047
Writing the web zip package. - 288 of 1047
Writing the web zip package. - 289 of 1047
Writing the web zip package. - 290 of 1047
Writing the web zip package. - 291 of 1047
Writing the web zip package. - 292 of 1047
Writing the web zip package. - 293 of 1047
Writing the web zip package. - 294 of 1047
Writing the web zip package. - 295 of 1047
Writing the web zip package. - 296 of 1047
Writing the web zip package. - 297 of 1047
Writing the web zip package. - 298 of 1047
Writing the web zip package. - 299 of 1047
Writing the web zip package. - 300 of 1047
Writing the web zip package. - 301 of 1047
Writing the web zip package. - 302 of 1047
Writing the web zip package. - 303 of 1047
Writing the web zip package. - 304 of 1047
Writing the web zip package. - 305 of 1047
Writing the web zip package. - 306 of 1047
Writing the web zip package. - 307 of 1047
Writing the web zip package. - 308 of 1047
Writing the web zip package. - 309 of 1047
Writing the web zip package. - 310 of 1047
Writing the web zip package. - 311 of 1047
Writing the web zip package. - 312 of 1047
Writing the web zip package. - 313 of 1047
Writing the web zip package. - 314 of 1047
Writing the web zip package. - 315 of 1047
Writing the web zip package. - 316 of 1047
Writing the web zip package. - 317 of 1047
Writing the web zip package. - 318 of 1047
Writing the web zip package. - 319 of 1047
Writing the web zip package. - 320 of 1047
Writing the web zip package. - 321 of 1047
Writing the web zip package. - 322 of 1047
Writing the web zip package. - 323 of 1047
Writing the web zip package. - 324 of 1047
Writing the web zip package. - 325 of 1047
Writing the web zip package. - 326 of 1047
Writing the web zip package. - 327 of 1047
Writing the web zip package. - 328 of 1047
Writing the web zip package. - 329 of 1047
Writing the web zip package. - 330 of 1047
Writing the web zip package. - 331 of 1047
Writing the web zip package. - 332 of 1047
Writing the web zip package. - 333 of 1047
Writing the web zip package. - 334 of 1047
Writing the web zip package. - 335 of 1047
Writing the web zip package. - 336 of 1047
Writing the web zip package. - 337 of 1047
Writing the web zip package. - 338 of 1047
Writing the web zip package. - 339 of 1047
Writing the web zip package. - 340 of 1047
Writing the web zip package. - 341 of 1047
Writing the web zip package. - 342 of 1047
Writing the web zip package. - 343 of 1047
Writing the web zip package. - 344 of 1047
Writing the web zip package. - 345 of 1047
Writing the web zip package. - 346 of 1047
Writing the web zip package. - 347 of 1047
Writing the web zip package. - 348 of 1047
Writing the web zip package. - 349 of 1047
Writing the web zip package. - 350 of 1047
Writing the web zip package. - 351 of 1047
Writing the web zip package. - 352 of 1047
Writing the web zip package. - 353 of 1047
Writing the web zip package. - 354 of 1047
Writing the web zip package. - 355 of 1047
Writing the web zip package. - 356 of 1047
Writing the web zip package. - 357 of 1047
Writing the web zip package. - 358 of 1047
Writing the web zip package. - 359 of 1047
Writing the web zip package. - 360 of 1047
Writing the web zip package. - 361 of 1047
Writing the web zip package. - 362 of 1047
Writing the web zip package. - 363 of 1047
Writing the web zip package. - 364 of 1047
Writing the web zip package. - 365 of 1047
Writing the web zip package. - 366 of 1047
Writing the web zip package. - 367 of 1047
Writing the web zip package. - 368 of 1047
Writing the web zip package. - 369 of 1047
Writing the web zip package. - 370 of 1047
Writing the web zip package. - 371 of 1047
Writing the web zip package. - 372 of 1047
Writing the web zip package. - 373 of 1047
Writing the web zip package. - 374 of 1047
Writing the web zip package. - 375 of 1047
Writing the web zip package. - 376 of 1047
Writing the web zip package. - 377 of 1047
Writing the web zip package. - 378 of 1047
Writing the web zip package. - 379 of 1047
Writing the web zip package. - 380 of 1047
Writing the web zip package. - 381 of 1047
Writing the web zip package. - 382 of 1047
Writing the web zip package. - 383 of 1047
Writing the web zip package. - 384 of 1047
Writing the web zip package. - 385 of 1047
Writing the web zip package. - 386 of 1047
Writing the web zip package. - 387 of 1047
Writing the web zip package. - 388 of 1047
Writing the web zip package. - 389 of 1047
Writing the web zip package. - 390 of 1047
Writing the web zip package. - 391 of 1047
Writing the web zip package. - 392 of 1047
Writing the web zip package. - 393 of 1047
Writing the web zip package. - 394 of 1047
Writing the web zip package. - 395 of 1047
Writing the web zip package. - 396 of 1047
Writing the web zip package. - 397 of 1047
Writing the web zip package. - 398 of 1047
Writing the web zip package. - 399 of 1047
Writing the web zip package. - 400 of 1047
Writing the web zip package. - 401 of 1047
Writing the web zip package. - 402 of 1047
Writing the web zip package. - 403 of 1047
Writing the web zip package. - 404 of 1047
Writing the web zip package. - 405 of 1047
Writing the web zip package. - 406 of 1047
Writing the web zip package. - 407 of 1047
Writing the web zip package. - 408 of 1047
Writing the web zip package. - 409 of 1047
Writing the web zip package. - 410 of 1047
Writing the web zip package. - 411 of 1047
Writing the web zip package. - 412 of 1047
Writing the web zip package. - 413 of 1047
Writing the web zip package. - 414 of 1047
Writing the web zip package. - 415 of 1047
Writing the web zip package. - 416 of 1047
Writing the web zip package. - 417 of 1047
Writing the web zip package. - 418 of 1047
Writing the web zip package. - 419 of 1047
Writing the web zip package. - 420 of 1047
Writing the web zip package. - 421 of 1047
Writing the web zip package. - 422 of 1047
Writing the web zip package. - 423 of 1047
Writing the web zip package. - 424 of 1047
Writing the web zip package. - 425 of 1047
Writing the web zip package. - 426 of 1047
Writing the web zip package. - 427 of 1047
Writing the web zip package. - 428 of 1047
Writing the web zip package. - 429 of 1047
Writing the web zip package. - 430 of 1047
Writing the web zip package. - 431 of 1047
Writing the web zip package. - 432 of 1047
Writing the web zip package. - 433 of 1047
Writing the web zip package. - 434 of 1047
Writing the web zip package. - 435 of 1047
Writing the web zip package. - 436 of 1047
Writing the web zip package. - 437 of 1047
Writing the web zip package. - 438 of 1047
Writing the web zip package. - 439 of 1047
Writing the web zip package. - 440 of 1047
Writing the web zip package. - 441 of 1047
Writing the web zip package. - 442 of 1047
Writing the web zip package. - 443 of 1047
Writing the web zip package. - 444 of 1047
Writing the web zip package. - 445 of 1047
Writing the web zip package. - 446 of 1047
Writing the web zip package. - 447 of 1047
Writing the web zip package. - 448 of 1047
Writing the web zip package. - 449 of 1047
Writing the web zip package. - 450 of 1047
Writing the web zip package. - 451 of 1047
Writing the web zip package. - 452 of 1047
Writing the web zip package. - 453 of 1047
Writing the web zip package. - 454 of 1047
Writing the web zip package. - 455 of 1047
Writing the web zip package. - 456 of 1047
Writing the web zip package. - 457 of 1047
Writing the web zip package. - 458 of 1047
Writing the web zip package. - 459 of 1047
Writing the web zip package. - 460 of 1047
Writing the web zip package. - 461 of 1047
Writing the web zip package. - 462 of 1047
Writing the web zip package. - 463 of 1047
Writing the web zip package. - 464 of 1047
Writing the web zip package. - 465 of 1047
Writing the web zip package. - 466 of 1047
Writing the web zip package. - 467 of 1047
Writing the web zip package. - 468 of 1047
Writing the web zip package. - 469 of 1047
Writing the web zip package. - 470 of 1047
Writing the web zip package. - 471 of 1047
Writing the web zip package. - 472 of 1047
Writing the web zip package. - 473 of 1047
Writing the web zip package. - 474 of 1047
Writing the web zip package. - 475 of 1047
Writing the web zip package. - 476 of 1047
Writing the web zip package. - 477 of 1047
Writing the web zip package. - 478 of 1047
Writing the web zip package. - 479 of 1047
Writing the web zip package. - 480 of 1047
Writing the web zip package. - 481 of 1047
Writing the web zip package. - 482 of 1047
Writing the web zip package. - 483 of 1047
Writing the web zip package. - 484 of 1047
Writing the web zip package. - 485 of 1047
Writing the web zip package. - 486 of 1047
Writing the web zip package. - 487 of 1047
Writing the web zip package. - 488 of 1047
Writing the web zip package. - 489 of 1047
Writing the web zip package. - 490 of 1047
Writing the web zip package. - 491 of 1047
Writing the web zip package. - 492 of 1047
Writing the web zip package. - 493 of 1047
Writing the web zip package. - 494 of 1047
Writing the web zip package. - 495 of 1047
Writing the web zip package. - 496 of 1047
Writing the web zip package. - 497 of 1047
Writing the web zip package. - 498 of 1047
Writing the web zip package. - 499 of 1047
Writing the web zip package. - 500 of 1047
Writing the web zip package. - 501 of 1047
Writing the web zip package. - 502 of 1047
Writing the web zip package. - 503 of 1047
Writing the web zip package. - 504 of 1047
Writing the web zip package. - 505 of 1047
Writing the web zip package. - 506 of 1047
Writing the web zip package. - 507 of 1047
Writing the web zip package. - 508 of 1047
Writing the web zip package. - 509 of 1047
Writing the web zip package. - 510 of 1047
Writing the web zip package. - 511 of 1047
Writing the web zip package. - 512 of 1047
Writing the web zip package. - 513 of 1047
Writing the web zip package. - 514 of 1047
Writing the web zip package. - 515 of 1047
Writing the web zip package. - 516 of 1047
Writing the web zip package. - 517 of 1047
Writing the web zip package. - 518 of 1047
Writing the web zip package. - 519 of 1047
Writing the web zip package. - 520 of 1047
Writing the web zip package. - 521 of 1047
Writing the web zip package. - 522 of 1047
Writing the web zip package. - 523 of 1047
Writing the web zip package. - 524 of 1047
Writing the web zip package. - 525 of 1047
Writing the web zip package. - 526 of 1047
Writing the web zip package. - 527 of 1047
Writing the web zip package. - 528 of 1047
Writing the web zip package. - 529 of 1047
Writing the web zip package. - 530 of 1047
Writing the web zip package. - 531 of 1047
Writing the web zip package. - 532 of 1047
Writing the web zip package. - 533 of 1047
Writing the web zip package. - 534 of 1047
Writing the web zip package. - 535 of 1047
Writing the web zip package. - 536 of 1047
Writing the web zip package. - 537 of 1047
Writing the web zip package. - 538 of 1047
Writing the web zip package. - 539 of 1047
Writing the web zip package. - 540 of 1047
Writing the web zip package. - 541 of 1047
Writing the web zip package. - 542 of 1047
Writing the web zip package. - 543 of 1047
Writing the web zip package. - 544 of 1047
Writing the web zip package. - 545 of 1047
Writing the web zip package. - 546 of 1047
Writing the web zip package. - 547 of 1047
Writing the web zip package. - 548 of 1047
Writing the web zip package. - 549 of 1047
Writing the web zip package. - 550 of 1047
Writing the web zip package. - 551 of 1047
Writing the web zip package. - 552 of 1047
Writing the web zip package. - 553 of 1047
Writing the web zip package. - 554 of 1047
Writing the web zip package. - 555 of 1047
Writing the web zip package. - 556 of 1047
Writing the web zip package. - 557 of 1047
Writing the web zip package. - 558 of 1047
Writing the web zip package. - 559 of 1047
Writing the web zip package. - 560 of 1047
Writing the web zip package. - 561 of 1047
Writing the web zip package. - 562 of 1047
Writing the web zip package. - 563 of 1047
Writing the web zip package. - 564 of 1047
Writing the web zip package. - 565 of 1047
Writing the web zip package. - 566 of 1047
Writing the web zip package. - 567 of 1047
Writing the web zip package. - 568 of 1047
Writing the web zip package. - 569 of 1047
Writing the web zip package. - 570 of 1047
Writing the web zip package. - 571 of 1047
Writing the web zip package. - 572 of 1047
Writing the web zip package. - 573 of 1047
Writing the web zip package. - 574 of 1047
Writing the web zip package. - 575 of 1047
Writing the web zip package. - 576 of 1047
Writing the web zip package. - 577 of 1047
Writing the web zip package. - 578 of 1047
Writing the web zip package. - 579 of 1047
Writing the web zip package. - 580 of 1047
Writing the web zip package. - 581 of 1047
Writing the web zip package. - 582 of 1047
Writing the web zip package. - 583 of 1047
Writing the web zip package. - 584 of 1047
Writing the web zip package. - 585 of 1047
Writing the web zip package. - 586 of 1047
Writing the web zip package. - 587 of 1047
Writing the web zip package. - 588 of 1047
Writing the web zip package. - 589 of 1047
Writing the web zip package. - 590 of 1047
Writing the web zip package. - 591 of 1047
Writing the web zip package. - 592 of 1047
Writing the web zip package. - 593 of 1047
Writing the web zip package. - 594 of 1047
Writing the web zip package. - 595 of 1047
Writing the web zip package. - 596 of 1047
Writing the web zip package. - 597 of 1047
Writing the web zip package. - 598 of 1047
Writing the web zip package. - 599 of 1047
Writing the web zip package. - 600 of 1047
Writing the web zip package. - 601 of 1047
Writing the web zip package. - 602 of 1047
Writing the web zip package. - 603 of 1047
Writing the web zip package. - 604 of 1047
Writing the web zip package. - 605 of 1047
Writing the web zip package. - 606 of 1047
Writing the web zip package. - 607 of 1047
Writing the web zip package. - 608 of 1047
Writing the web zip package. - 609 of 1047
Writing the web zip package. - 610 of 1047
Writing the web zip package. - 611 of 1047
Writing the web zip package. - 612 of 1047
Writing the web zip package. - 613 of 1047
Writing the web zip package. - 614 of 1047
Writing the web zip package. - 615 of 1047
Writing the web zip package. - 616 of 1047
Writing the web zip package. - 617 of 1047
Writing the web zip package. - 618 of 1047
Writing the web zip package. - 619 of 1047
Writing the web zip package. - 620 of 1047
Writing the web zip package. - 621 of 1047
Writing the web zip package. - 622 of 1047
Writing the web zip package. - 623 of 1047
Writing the web zip package. - 624 of 1047
Writing the web zip package. - 625 of 1047
Writing the web zip package. - 626 of 1047
Writing the web zip package. - 627 of 1047
Writing the web zip package. - 628 of 1047
Writing the web zip package. - 629 of 1047
Writing the web zip package. - 630 of 1047
Writing the web zip package. - 631 of 1047
Writing the web zip package. - 632 of 1047
Writing the web zip package. - 633 of 1047
Writing the web zip package. - 634 of 1047
Writing the web zip package. - 635 of 1047
Writing the web zip package. - 636 of 1047
Writing the web zip package. - 637 of 1047
Writing the web zip package. - 638 of 1047
Writing the web zip package. - 639 of 1047
Writing the web zip package. - 640 of 1047
Writing the web zip package. - 641 of 1047
Writing the web zip package. - 642 of 1047
Writing the web zip package. - 643 of 1047
Writing the web zip package. - 644 of 1047
Writing the web zip package. - 645 of 1047
Writing the web zip package. - 646 of 1047
Writing the web zip package. - 647 of 1047
Writing the web zip package. - 648 of 1047
Writing the web zip package. - 649 of 1047
Writing the web zip package. - 650 of 1047
Writing the web zip package. - 651 of 1047
Writing the web zip package. - 652 of 1047
Writing the web zip package. - 653 of 1047
Writing the web zip package. - 654 of 1047
Writing the web zip package. - 655 of 1047
Writing the web zip package. - 656 of 1047
Writing the web zip package. - 657 of 1047
Writing the web zip package. - 658 of 1047
Writing the web zip package. - 659 of 1047
Writing the web zip package. - 660 of 1047
Writing the web zip package. - 661 of 1047
Writing the web zip package. - 662 of 1047
Writing the web zip package. - 663 of 1047
Writing the web zip package. - 664 of 1047
Writing the web zip package. - 665 of 1047
Writing the web zip package. - 666 of 1047
Writing the web zip package. - 667 of 1047
Writing the web zip package. - 668 of 1047
Writing the web zip package. - 669 of 1047
Writing the web zip package. - 670 of 1047
Writing the web zip package. - 671 of 1047
Writing the web zip package. - 672 of 1047
Writing the web zip package. - 673 of 1047
Writing the web zip package. - 674 of 1047
Writing the web zip package. - 675 of 1047
Writing the web zip package. - 676 of 1047
Writing the web zip package. - 677 of 1047
Writing the web zip package. - 678 of 1047
Writing the web zip package. - 679 of 1047
Writing the web zip package. - 680 of 1047
Writing the web zip package. - 681 of 1047
Writing the web zip package. - 682 of 1047
Writing the web zip package. - 683 of 1047
Writing the web zip package. - 684 of 1047
Writing the web zip package. - 685 of 1047
Writing the web zip package. - 686 of 1047
Writing the web zip package. - 687 of 1047
Writing the web zip package. - 688 of 1047
Writing the web zip package. - 689 of 1047
Writing the web zip package. - 690 of 1047
Writing the web zip package. - 691 of 1047
Writing the web zip package. - 692 of 1047
Writing the web zip package. - 693 of 1047
Writing the web zip package. - 694 of 1047
Writing the web zip package. - 695 of 1047
Writing the web zip package. - 696 of 1047
Writing the web zip package. - 697 of 1047
Writing the web zip package. - 698 of 1047
Writing the web zip package. - 699 of 1047
Writing the web zip package. - 700 of 1047
Writing the web zip package. - 701 of 1047
Writing the web zip package. - 702 of 1047
Writing the web zip package. - 703 of 1047
Writing the web zip package. - 704 of 1047
Writing the web zip package. - 705 of 1047
Writing the web zip package. - 706 of 1047
Writing the web zip package. - 707 of 1047
Writing the web zip package. - 708 of 1047
Writing the web zip package. - 709 of 1047
Writing the web zip package. - 710 of 1047
Writing the web zip package. - 711 of 1047
Writing the web zip package. - 712 of 1047
Writing the web zip package. - 713 of 1047
Writing the web zip package. - 714 of 1047
Writing the web zip package. - 715 of 1047
Writing the web zip package. - 716 of 1047
Writing the web zip package. - 717 of 1047
Writing the web zip package. - 718 of 1047
Writing the web zip package. - 719 of 1047
Writing the web zip package. - 720 of 1047
Writing the web zip package. - 721 of 1047
Writing the web zip package. - 722 of 1047
Writing the web zip package. - 723 of 1047
Writing the web zip package. - 724 of 1047
Writing the web zip package. - 725 of 1047
Writing the web zip package. - 726 of 1047
Writing the web zip package. - 727 of 1047
Writing the web zip package. - 728 of 1047
Writing the web zip package. - 729 of 1047
Writing the web zip package. - 730 of 1047
Writing the web zip package. - 731 of 1047
Writing the web zip package. - 732 of 1047
Writing the web zip package. - 733 of 1047
Writing the web zip package. - 734 of 1047
Writing the web zip package. - 735 of 1047
Writing the web zip package. - 736 of 1047
Writing the web zip package. - 737 of 1047
Writing the web zip package. - 738 of 1047
Writing the web zip package. - 739 of 1047
Writing the web zip package. - 740 of 1047
Writing the web zip package. - 741 of 1047
Writing the web zip package. - 742 of 1047
Writing the web zip package. - 743 of 1047
Writing the web zip package. - 744 of 1047
Writing the web zip package. - 745 of 1047
Writing the web zip package. - 746 of 1047
Writing the web zip package. - 747 of 1047
Writing the web zip package. - 748 of 1047
Writing the web zip package. - 749 of 1047
Writing the web zip package. - 750 of 1047
Writing the web zip package. - 751 of 1047
Writing the web zip package. - 752 of 1047
Writing the web zip package. - 753 of 1047
Writing the web zip package. - 754 of 1047
Writing the web zip package. - 755 of 1047
Writing the web zip package. - 756 of 1047
Writing the web zip package. - 757 of 1047
Writing the web zip package. - 758 of 1047
Writing the web zip package. - 759 of 1047
Writing the web zip package. - 760 of 1047
Writing the web zip package. - 761 of 1047
Writing the web zip package. - 762 of 1047
Writing the web zip package. - 763 of 1047
Writing the web zip package. - 764 of 1047
Writing the web zip package. - 765 of 1047
Writing the web zip package. - 766 of 1047
Writing the web zip package. - 767 of 1047
Writing the web zip package. - 768 of 1047
Writing the web zip package. - 769 of 1047
Writing the web zip package. - 770 of 1047
Writing the web zip package. - 771 of 1047
Writing the web zip package. - 772 of 1047
Writing the web zip package. - 773 of 1047
Writing the web zip package. - 774 of 1047
Writing the web zip package. - 775 of 1047
Writing the web zip package. - 776 of 1047
Writing the web zip package. - 777 of 1047
Writing the web zip package. - 778 of 1047
Writing the web zip package. - 779 of 1047
Writing the web zip package. - 780 of 1047
Writing the web zip package. - 781 of 1047
Writing the web zip package. - 782 of 1047
Writing the web zip package. - 783 of 1047
Writing the web zip package. - 784 of 1047
Writing the web zip package. - 785 of 1047
Writing the web zip package. - 786 of 1047
Writing the web zip package. - 787 of 1047
Writing the web zip package. - 788 of 1047
Writing the web zip package. - 789 of 1047
Writing the web zip package. - 790 of 1047
Writing the web zip package. - 791 of 1047
Writing the web zip package. - 792 of 1047
Writing the web zip package. - 793 of 1047
Writing the web zip package. - 794 of 1047
Writing the web zip package. - 795 of 1047
Writing the web zip package. - 796 of 1047
Writing the web zip package. - 797 of 1047
Writing the web zip package. - 798 of 1047
Writing the web zip package. - 799 of 1047
Writing the web zip package. - 800 of 1047
Writing the web zip package. - 801 of 1047
Writing the web zip package. - 802 of 1047
Writing the web zip package. - 803 of 1047
Writing the web zip package. - 804 of 1047
Writing the web zip package. - 805 of 1047
Writing the web zip package. - 806 of 1047
Writing the web zip package. - 807 of 1047
Writing the web zip package. - 808 of 1047
Writing the web zip package. - 809 of 1047
Writing the web zip package. - 810 of 1047
Writing the web zip package. - 811 of 1047
Writing the web zip package. - 812 of 1047
Writing the web zip package. - 813 of 1047
Writing the web zip package. - 814 of 1047
Writing the web zip package. - 815 of 1047
Writing the web zip package. - 816 of 1047
Writing the web zip package. - 817 of 1047
Writing the web zip package. - 818 of 1047
Writing the web zip package. - 819 of 1047
Writing the web zip package. - 820 of 1047
Writing the web zip package. - 821 of 1047
Writing the web zip package. - 822 of 1047
Writing the web zip package. - 823 of 1047
Writing the web zip package. - 824 of 1047
Writing the web zip package. - 825 of 1047
Writing the web zip package. - 826 of 1047
Writing the web zip package. - 827 of 1047
Writing the web zip package. - 828 of 1047
Writing the web zip package. - 829 of 1047
Writing the web zip package. - 830 of 1047
Writing the web zip package. - 831 of 1047
Writing the web zip package. - 832 of 1047
Writing the web zip package. - 833 of 1047
Writing the web zip package. - 834 of 1047
Writing the web zip package. - 835 of 1047
Writing the web zip package. - 836 of 1047
Writing the web zip package. - 837 of 1047
Writing the web zip package. - 838 of 1047
Writing the web zip package. - 839 of 1047
Writing the web zip package. - 840 of 1047
Writing the web zip package. - 841 of 1047
Writing the web zip package. - 842 of 1047
Writing the web zip package. - 843 of 1047
Writing the web zip package. - 844 of 1047
Writing the web zip package. - 845 of 1047
Writing the web zip package. - 846 of 1047
Writing the web zip package. - 847 of 1047
Writing the web zip package. - 848 of 1047
Writing the web zip package. - 849 of 1047
Writing the web zip package. - 850 of 1047
Writing the web zip package. - 851 of 1047
Writing the web zip package. - 852 of 1047
Writing the web zip package. - 853 of 1047
Writing the web zip package. - 854 of 1047
Writing the web zip package. - 855 of 1047
Writing the web zip package. - 856 of 1047
Writing the web zip package. - 857 of 1047
Writing the web zip package. - 858 of 1047
Writing the web zip package. - 859 of 1047
Writing the web zip package. - 860 of 1047
Writing the web zip package. - 861 of 1047
Writing the web zip package. - 862 of 1047
Writing the web zip package. - 863 of 1047
Writing the web zip package. - 864 of 1047
Writing the web zip package. - 865 of 1047
Writing the web zip package. - 866 of 1047
Writing the web zip package. - 867 of 1047
Writing the web zip package. - 868 of 1047
Writing the web zip package. - 869 of 1047
Writing the web zip package. - 870 of 1047
Writing the web zip package. - 871 of 1047
Writing the web zip package. - 872 of 1047
Writing the web zip package. - 873 of 1047
Writing the web zip package. - 874 of 1047
Writing the web zip package. - 875 of 1047
Writing the web zip package. - 876 of 1047
Writing the web zip package. - 877 of 1047
Writing the web zip package. - 878 of 1047
Writing the web zip package. - 879 of 1047
Writing the web zip package. - 880 of 1047
Writing the web zip package. - 881 of 1047
Writing the web zip package. - 882 of 1047
Writing the web zip package. - 883 of 1047
Writing the web zip package. - 884 of 1047
Writing the web zip package. - 885 of 1047
Writing the web zip package. - 886 of 1047
Writing the web zip package. - 887 of 1047
Writing the web zip package. - 888 of 1047
Writing the web zip package. - 889 of 1047
Writing the web zip package. - 890 of 1047
Writing the web zip package. - 891 of 1047
Writing the web zip package. - 892 of 1047
Writing the web zip package. - 893 of 1047
Writing the web zip package. - 894 of 1047
Writing the web zip package. - 895 of 1047
Writing the web zip package. - 896 of 1047
Writing the web zip package. - 897 of 1047
Writing the web zip package. - 898 of 1047
Writing the web zip package. - 899 of 1047
Writing the web zip package. - 900 of 1047
Writing the web zip package. - 901 of 1047
Writing the web zip package. - 902 of 1047
Writing the web zip package. - 903 of 1047
Writing the web zip package. - 904 of 1047
Writing the web zip package. - 905 of 1047
Writing the web zip package. - 906 of 1047
Writing the web zip package. - 907 of 1047
Writing the web zip package. - 908 of 1047
Writing the web zip package. - 909 of 1047
Writing the web zip package. - 910 of 1047
Writing the web zip package. - 911 of 1047
Writing the web zip package. - 912 of 1047
Writing the web zip package. - 913 of 1047
Writing the web zip package. - 914 of 1047
Writing the web zip package. - 915 of 1047
Writing the web zip package. - 916 of 1047
Writing the web zip package. - 917 of 1047
Writing the web zip package. - 918 of 1047
Writing the web zip package. - 919 of 1047
Writing the web zip package. - 920 of 1047
Writing the web zip package. - 921 of 1047
Writing the web zip package. - 922 of 1047
Writing the web zip package. - 923 of 1047
Writing the web zip package. - 924 of 1047
Writing the web zip package. - 925 of 1047
Writing the web zip package. - 926 of 1047
Writing the web zip package. - 927 of 1047
Writing the web zip package. - 928 of 1047
Writing the web zip package. - 929 of 1047
Writing the web zip package. - 930 of 1047
Writing the web zip package. - 931 of 1047
Writing the web zip package. - 932 of 1047
Writing the web zip package. - 933 of 1047
Writing the web zip package. - 934 of 1047
Writing the web zip package. - 935 of 1047
Writing the web zip package. - 936 of 1047
Writing the web zip package. - 937 of 1047
Writing the web zip package. - 938 of 1047
Writing the web zip package. - 939 of 1047
Writing the web zip package. - 940 of 1047
Writing the web zip package. - 941 of 1047
Writing the web zip package. - 942 of 1047
Writing the web zip package. - 943 of 1047
Writing the web zip package. - 944 of 1047
Writing the web zip package. - 945 of 1047
Writing the web zip package. - 946 of 1047
Writing the web zip package. - 947 of 1047
Writing the web zip package. - 948 of 1047
Writing the web zip package. - 949 of 1047
Writing the web zip package. - 950 of 1047
Writing the web zip package. - 951 of 1047
Writing the web zip package. - 952 of 1047
Writing the web zip package. - 953 of 1047
Writing the web zip package. - 954 of 1047
Writing the web zip package. - 955 of 1047
Writing the web zip package. - 956 of 1047
Writing the web zip package. - 957 of 1047
Writing the web zip package. - 958 of 1047
Writing the web zip package. - 959 of 1047
Writing the web zip package. - 960 of 1047
Writing the web zip package. - 961 of 1047
Writing the web zip package. - 962 of 1047
Writing the web zip package. - 963 of 1047
Writing the web zip package. - 964 of 1047
Writing the web zip package. - 965 of 1047
Writing the web zip package. - 966 of 1047
Writing the web zip package. - 967 of 1047
Writing the web zip package. - 968 of 1047
Writing the web zip package. - 969 of 1047
Writing the web zip package. - 970 of 1047
Writing the web zip package. - 971 of 1047
Writing the web zip package. - 972 of 1047
Writing the web zip package. - 973 of 1047
Writing the web zip package. - 974 of 1047
Writing the web zip package. - 975 of 1047
Writing the web zip package. - 976 of 1047
Writing the web zip package. - 977 of 1047
Writing the web zip package. - 978 of 1047
Writing the web zip package. - 979 of 1047
Writing the web zip package. - 980 of 1047
Writing the web zip package. - 981 of 1047
Writing the web zip package. - 982 of 1047
Writing the web zip package. - 983 of 1047
Writing the web zip package. - 984 of 1047
Writing the web zip package. - 985 of 1047
Writing the web zip package. - 986 of 1047
Writing the web zip package. - 987 of 1047
Writing the web zip package. - 988 of 1047
Writing the web zip package. - 989 of 1047
Writing the web zip package. - 990 of 1047
Writing the web zip package. - 991 of 1047
Writing the web zip package. - 992 of 1047
Writing the web zip package. - 993 of 1047
Writing the web zip package. - 994 of 1047
Writing the web zip package. - 995 of 1047
Writing the web zip package. - 996 of 1047
Writing the web zip package. - 997 of 1047
Writing the web zip package. - 998 of 1047
Writing the web zip package. - 999 of 1047
Writing the web zip package. - 1000 of 1047
Writing the web zip package. - 1001 of 1047
Writing the web zip package. - 1002 of 1047
Writing the web zip package. - 1003 of 1047
Writing the web zip package. - 1004 of 1047
Writing the web zip package. - 1005 of 1047
Writing the web zip package. - 1006 of 1047
Writing the web zip package. - 1007 of 1047
Writing the web zip package. - 1008 of 1047
Writing the web zip package. - 1009 of 1047
Writing the web zip package. - 1010 of 1047
Writing the web zip package. - 1011 of 1047
Writing the web zip package. - 1012 of 1047
Writing the web zip package. - 1013 of 1047
Writing the web zip package. - 1014 of 1047
Writing the web zip package. - 1015 of 1047
Writing the web zip package. - 1016 of 1047
Writing the web zip package. - 1017 of 1047
Writing the web zip package. - 1018 of 1047
Writing the web zip package. - 1019 of 1047
Writing the web zip package. - 1020 of 1047
Writing the web zip package. - 1021 of 1047
Writing the web zip package. - 1022 of 1047
Writing the web zip package. - 1023 of 1047
Writing the web zip package. - 1024 of 1047
Writing the web zip package. - 1025 of 1047
Writing the web zip package. - 1026 of 1047
Writing the web zip package. - 1027 of 1047
Writing the web zip package. - 1028 of 1047
Writing the web zip package. - 1029 of 1047
Writing the web zip package. - 1030 of 1047
Writing the web zip package. - 1031 of 1047
Writing the web zip package. - 1032 of 1047
Writing the web zip package. - 1033 of 1047
Writing the web zip package. - 1034 of 1047
Writing the web zip package. - 1035 of 1047
Writing the web zip package. - 1036 of 1047
Writing the web zip package. - 1037 of 1047
Writing the web zip package. - 1038 of 1047
Writing the web zip package. - 1039 of 1047
Writing the web zip package. - 1040 of 1047
Writing the web zip package. - 1041 of 1047
Writing the web zip package. - 1042 of 1047
Writing the web zip package. - 1043 of 1047
Writing the web zip package. - 1044 of 1047
Writing the web zip package. - 1045 of 1047
Writing the web zip package. - 1046 of 1047
Writing the web zip package. - 1047 of 1047
All packages have been built.

Due to the presence of permission information, unpacking and repacking the Linux and Macintosh distributions on Windows is not supported.
Preparing progressive download

Built Ren'Py 8.5.3 to apps/web/public/runtime
