
> knolstory-next@ typecheck <workspace>
> turbo run typecheck


   • turbo 2.11.7
   • Packages in scope: @knolstory/asset-registry, @knolstory/compatibility, @knolstory/runtime-contract, @knolstory/runtime-core, @knolstory/story-domain, @knolstory/web
   • Running typecheck in 6 packages
   • Remote caching disabled

@knolstory/story-domain:typecheck: cache hit, replaying logs f565a017fbed5f5b
@knolstory/asset-registry:typecheck: cache hit, replaying logs a78a16b9f89ffc02
@knolstory/runtime-contract:typecheck: cache hit, replaying logs 672200e368f56c82
@knolstory/asset-registry:typecheck: 
@knolstory/asset-registry:typecheck: > @knolstory/asset-registry@0.0.0 typecheck <workspace>/packages/asset-registry
@knolstory/asset-registry:typecheck: > tsc --noEmit
@knolstory/asset-registry:typecheck: 
@knolstory/story-domain:typecheck: 
@knolstory/story-domain:typecheck: > @knolstory/story-domain@0.0.0 typecheck <workspace>/packages/story-domain
@knolstory/story-domain:typecheck: > tsc --noEmit
@knolstory/story-domain:typecheck: 
@knolstory/runtime-contract:typecheck: 
@knolstory/runtime-contract:typecheck: > @knolstory/runtime-contract@0.0.0 typecheck <workspace>/packages/runtime-contract
@knolstory/runtime-contract:typecheck: > tsc --noEmit
@knolstory/runtime-contract:typecheck: 
@knolstory/compatibility:typecheck: cache hit, replaying logs 0fa48c5ff7c47314
@knolstory/compatibility:typecheck: 
@knolstory/compatibility:typecheck: > @knolstory/compatibility@0.0.0 typecheck <workspace>/packages/compatibility
@knolstory/compatibility:typecheck: > tsc --noEmit
@knolstory/compatibility:typecheck: 
@knolstory/runtime-core:typecheck: cache hit, replaying logs baca5622a2ce8813
@knolstory/runtime-core:typecheck: 
@knolstory/runtime-core:typecheck: > @knolstory/runtime-core@0.0.0 typecheck <workspace>/packages/runtime-core
@knolstory/runtime-core:typecheck: > tsc --noEmit
@knolstory/runtime-core:typecheck: 
@knolstory/web:typecheck: cache miss, executing 67a9e51a482ed24c
@knolstory/web:typecheck: 
@knolstory/web:typecheck: > @knolstory/web@0.0.0 typecheck <workspace>/apps/web
@knolstory/web:typecheck: > tsc --noEmit
@knolstory/web:typecheck: 

 Tasks:    6 successful, 6 total
Cached:    5 cached, 6 total
  Time:    1.71s 

