
> knolstory-next@ typecheck <checkout>
> turbo run typecheck


   • turbo 2.11.7
   • Packages in scope: @knolstory/asset-registry, @knolstory/compatibility, @knolstory/runtime-contract, @knolstory/runtime-core, @knolstory/story-domain, @knolstory/web
   • Running typecheck in 6 packages
   • Remote caching disabled

@knolstory/runtime-contract:typecheck: cache hit, replaying logs 672200e368f56c82
@knolstory/asset-registry:typecheck: cache hit, replaying logs a78a16b9f89ffc02
@knolstory/story-domain:typecheck: cache hit, replaying logs f565a017fbed5f5b
@knolstory/runtime-contract:typecheck:
@knolstory/runtime-contract:typecheck: > @knolstory/runtime-contract@0.0.0 typecheck <checkout>/packages/runtime-contract
@knolstory/runtime-contract:typecheck: > tsc --noEmit
@knolstory/runtime-contract:typecheck:
@knolstory/asset-registry:typecheck:
@knolstory/asset-registry:typecheck: > @knolstory/asset-registry@0.0.0 typecheck <checkout>/packages/asset-registry
@knolstory/asset-registry:typecheck: > tsc --noEmit
@knolstory/asset-registry:typecheck:
@knolstory/story-domain:typecheck:
@knolstory/story-domain:typecheck: > @knolstory/story-domain@0.0.0 typecheck <checkout>/packages/story-domain
@knolstory/story-domain:typecheck: > tsc --noEmit
@knolstory/story-domain:typecheck:
@knolstory/compatibility:typecheck: cache hit, replaying logs fd0036a6051868e9
@knolstory/compatibility:typecheck:
@knolstory/compatibility:typecheck: > @knolstory/compatibility@0.0.0 typecheck <checkout>/packages/compatibility
@knolstory/compatibility:typecheck: > tsc --noEmit
@knolstory/compatibility:typecheck:
@knolstory/runtime-core:typecheck: cache hit, replaying logs 18fa5b34d39c3d9c
@knolstory/runtime-core:typecheck:
@knolstory/runtime-core:typecheck: > @knolstory/runtime-core@0.0.0 typecheck <checkout>/packages/runtime-core
@knolstory/runtime-core:typecheck: > tsc --noEmit
@knolstory/runtime-core:typecheck:
@knolstory/web:typecheck: cache miss, executing 2d90398afddb5ae2
@knolstory/web:typecheck:
@knolstory/web:typecheck: > @knolstory/web@0.0.0 typecheck <checkout>/apps/web
@knolstory/web:typecheck: > tsc --noEmit
@knolstory/web:typecheck:

 Tasks:    6 successful, 6 total
Cached:    5 cached, 6 total
  Time:    1.917s
